Archive member included to satisfy reference by file (symbol)

/usr/local/gcc-arm-none-eabi-5_4-2016q2/bin/../lib/gcc/arm-none-eabi/5.4.1/../../../../arm-none-eabi/lib/armv7-m/libg_nano.a(lib_a-atoi.o)
                              ./src/main.o (atoi)
/usr/local/gcc-arm-none-eabi-5_4-2016q2/bin/../lib/gcc/arm-none-eabi/5.4.1/../../../../arm-none-eabi/lib/armv7-m/libg_nano.a(lib_a-ctype_.o)
                              ./system/src/newlib/_syscalls.o (__ctype_ptr__)
/usr/local/gcc-arm-none-eabi-5_4-2016q2/bin/../lib/gcc/arm-none-eabi/5.4.1/../../../../arm-none-eabi/lib/armv7-m/libg_nano.a(lib_a-errno.o)
                              ./system/src/newlib/_sbrk.o (__errno)
/usr/local/gcc-arm-none-eabi-5_4-2016q2/bin/../lib/gcc/arm-none-eabi/5.4.1/../../../../arm-none-eabi/lib/armv7-m/libg_nano.a(lib_a-findfp.o)
                              ./system/src/newlib/_syscalls.o (__sinit)
/usr/local/gcc-arm-none-eabi-5_4-2016q2/bin/../lib/gcc/arm-none-eabi/5.4.1/../../../../arm-none-eabi/lib/armv7-m/libg_nano.a(lib_a-fwalk.o)
                              /usr/local/gcc-arm-none-eabi-5_4-2016q2/bin/../lib/gcc/arm-none-eabi/5.4.1/../../../../arm-none-eabi/lib/armv7-m/libg_nano.a(lib_a-findfp.o) (_fwalk)
/usr/local/gcc-arm-none-eabi-5_4-2016q2/bin/../lib/gcc/arm-none-eabi/5.4.1/../../../../arm-none-eabi/lib/armv7-m/libg_nano.a(lib_a-fwrite.o)
                              ./src/main.o (fwrite)
/usr/local/gcc-arm-none-eabi-5_4-2016q2/bin/../lib/gcc/arm-none-eabi/5.4.1/../../../../arm-none-eabi/lib/armv7-m/libg_nano.a(lib_a-impure.o)
                              /usr/local/gcc-arm-none-eabi-5_4-2016q2/bin/../lib/gcc/arm-none-eabi/5.4.1/../../../../arm-none-eabi/lib/armv7-m/libg_nano.a(lib_a-findfp.o) (_global_impure_ptr)
/usr/local/gcc-arm-none-eabi-5_4-2016q2/bin/../lib/gcc/arm-none-eabi/5.4.1/../../../../arm-none-eabi/lib/armv7-m/libg_nano.a(lib_a-memset.o)
                              ./system/src/newlib/_syscalls.o (memset)
/usr/local/gcc-arm-none-eabi-5_4-2016q2/bin/../lib/gcc/arm-none-eabi/5.4.1/../../../../arm-none-eabi/lib/armv7-m/libg_nano.a(lib_a-nano-mallocr.o)
                              /usr/local/gcc-arm-none-eabi-5_4-2016q2/bin/../lib/gcc/arm-none-eabi/5.4.1/../../../../arm-none-eabi/lib/armv7-m/libg_nano.a(lib_a-findfp.o) (_malloc_r)
/usr/local/gcc-arm-none-eabi-5_4-2016q2/bin/../lib/gcc/arm-none-eabi/5.4.1/../../../../arm-none-eabi/lib/armv7-m/libg_nano.a(lib_a-puts.o)
                              ./src/main.o (puts)
/usr/local/gcc-arm-none-eabi-5_4-2016q2/bin/../lib/gcc/arm-none-eabi/5.4.1/../../../../arm-none-eabi/lib/armv7-m/libg_nano.a(lib_a-sbrkr.o)
                              /usr/local/gcc-arm-none-eabi-5_4-2016q2/bin/../lib/gcc/arm-none-eabi/5.4.1/../../../../arm-none-eabi/lib/armv7-m/libg_nano.a(lib_a-nano-mallocr.o) (_sbrk_r)
/usr/local/gcc-arm-none-eabi-5_4-2016q2/bin/../lib/gcc/arm-none-eabi/5.4.1/../../../../arm-none-eabi/lib/armv7-m/libg_nano.a(lib_a-stdio.o)
                              /usr/local/gcc-arm-none-eabi-5_4-2016q2/bin/../lib/gcc/arm-none-eabi/5.4.1/../../../../arm-none-eabi/lib/armv7-m/libg_nano.a(lib_a-findfp.o) (__sread)
/usr/local/gcc-arm-none-eabi-5_4-2016q2/bin/../lib/gcc/arm-none-eabi/5.4.1/../../../../arm-none-eabi/lib/armv7-m/libg_nano.a(lib_a-strcmp.o)
                              ./system/src/cortexm/exception_handlers.o (strcmp)
/usr/local/gcc-arm-none-eabi-5_4-2016q2/bin/../lib/gcc/arm-none-eabi/5.4.1/../../../../arm-none-eabi/lib/armv7-m/libg_nano.a(lib_a-strlen.o)
                              ./system/src/newlib/_syscalls.o (strlen)
/usr/local/gcc-arm-none-eabi-5_4-2016q2/bin/../lib/gcc/arm-none-eabi/5.4.1/../../../../arm-none-eabi/lib/armv7-m/libg_nano.a(lib_a-strncpy.o)
                              ./system/src/newlib/_syscalls.o (strncpy)
/usr/local/gcc-arm-none-eabi-5_4-2016q2/bin/../lib/gcc/arm-none-eabi/5.4.1/../../../../arm-none-eabi/lib/armv7-m/libg_nano.a(lib_a-strtol.o)
                              /usr/local/gcc-arm-none-eabi-5_4-2016q2/bin/../lib/gcc/arm-none-eabi/5.4.1/../../../../arm-none-eabi/lib/armv7-m/libg_nano.a(lib_a-atoi.o) (_strtol_r)
/usr/local/gcc-arm-none-eabi-5_4-2016q2/bin/../lib/gcc/arm-none-eabi/5.4.1/../../../../arm-none-eabi/lib/armv7-m/libg_nano.a(lib_a-wbuf.o)
                              /usr/local/gcc-arm-none-eabi-5_4-2016q2/bin/../lib/gcc/arm-none-eabi/5.4.1/../../../../arm-none-eabi/lib/armv7-m/libg_nano.a(lib_a-fwrite.o) (__swbuf_r)
/usr/local/gcc-arm-none-eabi-5_4-2016q2/bin/../lib/gcc/arm-none-eabi/5.4.1/../../../../arm-none-eabi/lib/armv7-m/libg_nano.a(lib_a-writer.o)
                              /usr/local/gcc-arm-none-eabi-5_4-2016q2/bin/../lib/gcc/arm-none-eabi/5.4.1/../../../../arm-none-eabi/lib/armv7-m/libg_nano.a(lib_a-stdio.o) (_write_r)
/usr/local/gcc-arm-none-eabi-5_4-2016q2/bin/../lib/gcc/arm-none-eabi/5.4.1/../../../../arm-none-eabi/lib/armv7-m/libg_nano.a(lib_a-wsetup.o)
[...]
Memory Configuration

Name             Origin             Length             Attributes
RAM              0x20000000         0x00005000         xrw
CCMRAM           0x00000000         0x00000000         xrw
FLASH            0x08000000         0x00020000         xr
FLASHB1          0x00000000         0x00000000         xr
EXTMEMB0         0x00000000         0x00000000         xr
EXTMEMB1         0x00000000         0x00000000         xr
EXTMEMB2         0x00000000         0x00000000         xr
EXTMEMB3         0x00000000         0x00000000         xr
MEMORY_ARRAY     0x00000000         0x00000000         xrw
*default*        0x00000000         0xffffffff

Linker script and memory map

LOAD ./system/src/stm32f1-stdperiph/misc.o
LOAD ./system/src/stm32f1-stdperiph/stm32f10x_gpio.o
LOAD ./system/src/stm32f1-stdperiph/stm32f10x_rcc.o
LOAD ./system/src/newlib/_cxx.o
LOAD ./system/src/newlib/_exit.o
LOAD ./system/src/newlib/_sbrk.o
LOAD ./system/src/newlib/_startup.o
LOAD ./system/src/newlib/_syscalls.o
LOAD ./system/src/newlib/assert.o
LOAD ./system/src/diag/Trace.o
LOAD ./system/src/diag/trace_impl.o
LOAD ./system/src/cortexm/_initialize_hardware.o
LOAD ./system/src/cortexm/_reset_hardware.o
LOAD ./system/src/cortexm/exception_handlers.o
LOAD ./system/src/cmsis/system_stm32f10x.o
LOAD ./system/src/cmsis/vectors_stm32f10x.o
LOAD ./src/BlinkLed.o
LOAD ./src/Timer.o
LOAD ./src/_write.o
LOAD ./src/main.o
LOAD /usr/local/gcc-arm-none-eabi-5_4-2016q2/bin/../lib/gcc/arm-none-eabi/5.4.1/../../../../arm-none-eabi/lib/armv7-m/libstdc++_nano.a
LOAD /usr/local/gcc-arm-none-eabi-5_4-2016q2/bin/../lib/gcc/arm-none-eabi/5.4.1/../../../../arm-none-eabi/lib/armv7-m/libm.a
START GROUP
LOAD /usr/local/gcc-arm-none-eabi-5_4-2016q2/bin/../lib/gcc/arm-none-eabi/5.4.1/armv7-m/libgcc.a
LOAD /usr/local/gcc-arm-none-eabi-5_4-2016q2/bin/../lib/gcc/arm-none-eabi/5.4.1/../../../../arm-none-eabi/lib/armv7-m/libg_nano.a
LOAD /usr/local/gcc-arm-none-eabi-5_4-2016q2/bin/../lib/gcc/arm-none-eabi/5.4.1/../../../../arm-none-eabi/lib/armv7-m/libc_nano.a
END GROUP
START GROUP
LOAD /usr/local/gcc-arm-none-eabi-5_4-2016q2/bin/../lib/gcc/arm-none-eabi/5.4.1/armv7-m/libgcc.a
LOAD /usr/local/gcc-arm-none-eabi-5_4-2016q2/bin/../lib/gcc/arm-none-eabi/5.4.1/../../../../arm-none-eabi/lib/armv7-m/libc_nano.a
END GROUP
                0x20005000                __stack = (ORIGIN (RAM) + LENGTH (RAM))
                0x20005000                _estack = __stack
                0x00000400                __Main_Stack_Size = 0x400
                [!provide]                PROVIDE (_Main_Stack_Size, __Main_Stack_Size)
                0x20004c00                __Main_Stack_Limit = (__stack - __Main_Stack_Size)
                [!provide]                PROVIDE (_Main_Stack_Limit, __Main_Stack_Limit)
                0x00000100                _Minimum_Stack_Size = 0x100
                0x200001c4                PROVIDE (_Heap_Begin, _end_noinit)
                0x20004c00                PROVIDE (_Heap_Limit, (__stack - __Main_Stack_Size))

.isr_vector     0x08000000      0x39c
 FILL mask 0xff
                0x08000000                __vectors_start = ABSOLUTE (.)
                0x08000000                __vectors_start__ = ABSOLUTE (.)
 *(.isr_vector)
 .isr_vector    0x08000000      0x1e4 ./system/src/cmsis/vectors_stm32f10x.o
                0x08000000                __isr_vectors
 *(.cfmconfig)
 *(.after_vectors .after_vectors.*)
 .after_vectors
                0x080001e4      0x114 ./system/src/newlib/_startup.o
                0x080001e4                _start
 .after_vectors
                0x080002f8       0xa0 ./system/src/cortexm/exception_handlers.o
                0x080002f8                Reset_Handler
                0x08000300                NMI_Handler
                0x08000304                HardFault_Handler
                0x08000318                HardFault_Handler_C
                0x08000348                MemManage_Handler
                0x0800034c                BusFault_Handler
                0x08000360                BusFault_Handler_C
                0x08000364                UsageFault_Handler
                0x08000378                UsageFault_Handler_C
                0x0800037c                SVC_Handler
                0x08000380                DebugMon_Handler
                0x08000384                PendSV_Handler
 .after_vectors
                0x08000398        0x4 ./system/src/cmsis/vectors_stm32f10x.o
                0x08000398                EXTI2_IRQHandler
                0x08000398                TIM8_TRG_COM_IRQHandler
                0x08000398                TIM8_CC_IRQHandler
                0x08000398                TIM1_CC_IRQHandler
                0x08000398                TIM6_IRQHandler
                0x08000398                PVD_IRQHandler
                0x08000398                SDIO_IRQHandler
                0x08000398                CAN2_RX1_IRQHandler
                0x08000398                EXTI3_IRQHandler
                0x08000398                TIM8_TRG_COM_TIM14_IRQHandler
                0x08000398                TIM1_UP_TIM10_IRQHandler
                0x08000398                TIM8_UP_TIM13_IRQHandler
                0x08000398                EXTI0_IRQHandler
                0x08000398                I2C2_EV_IRQHandler
                0x08000398                CAN1_RX0_IRQHandler
                0x08000398                TIM1_UP_TIM16_IRQHandler
                0x08000398                CAN2_SCE_IRQHandler
                0x08000398                ADC1_2_IRQHandler
                0x08000398                SPI1_IRQHandler
                0x08000398                TAMPER_IRQHandler
                0x08000398                TIM6_DAC_IRQHandler
                0x08000398                TIM1_BRK_TIM9_IRQHandler
                0x08000398                CAN2_RX0_IRQHandler
                0x08000398                TIM8_UP_IRQHandler
                0x08000398                DMA2_Channel2_IRQHandler
                0x08000398                DMA1_Channel4_IRQHandler
                0x08000398                USART3_IRQHandler
                0x08000398                RTC_IRQHandler
                0x08000398                DMA1_Channel7_IRQHandler
                0x08000398                CAN1_RX1_IRQHandler
                0x08000398                UART5_IRQHandler
                0x08000398                ADC3_IRQHandler
                0x08000398                TIM4_IRQHandler
                0x08000398                DMA2_Channel1_IRQHandler
                0x08000398                I2C1_EV_IRQHandler
                0x08000398                DMA1_Channel6_IRQHandler
                0x08000398                UART4_IRQHandler
                0x08000398                DMA2_Channel4_IRQHandler
                0x08000398                TIM3_IRQHandler
                0x08000398                RCC_IRQHandler
                0x08000398                TIM8_BRK_TIM12_IRQHandler
                0x08000398                TIM1_TRG_COM_IRQHandler
                0x08000398                DMA1_Channel1_IRQHandler
                0x08000398                Default_Handler
                0x08000398                CEC_IRQHandler
                0x08000398                EXTI15_10_IRQHandler
                0x08000398                TIM14_IRQHandler
                0x08000398                TIM13_IRQHandler
                0x08000398                TIM12_IRQHandler
                0x08000398                TIM7_IRQHandler
                0x08000398                CAN2_TX_IRQHandler
                0x08000398                TIM5_IRQHandler
                0x08000398                EXTI9_5_IRQHandler
                0x08000398                ETH_WKUP_IRQHandler
                0x08000398                SPI2_IRQHandler
                0x08000398                CAN1_TX_IRQHandler
                0x08000398                DMA2_Channel5_IRQHandler
                0x08000398                DMA1_Channel5_IRQHandler
                0x08000398                EXTI4_IRQHandler
                0x08000398                USB_LP_CAN1_RX0_IRQHandler
                0x08000398                TIM1_TRG_COM_TIM17_IRQHandler
                0x08000398                USB_HP_CAN1_TX_IRQHandler
                0x08000398                DMA1_Channel3_IRQHandler
                0x08000398                FSMC_IRQHandler
                0x08000398                ETH_IRQHandler
                0x08000398                TIM1_UP_IRQHandler
                0x08000398                WWDG_IRQHandler
                0x08000398                TIM2_IRQHandler
                0x08000398                OTG_FS_WKUP_IRQHandler
                0x08000398                TIM1_TRG_COM_TIM11_IRQHandler
                0x08000398                TIM1_BRK_IRQHandler
                0x08000398                EXTI1_IRQHandler
                0x08000398                RTCAlarm_IRQHandler
                0x08000398                DMA2_Channel4_5_IRQHandler
                0x08000398                USART2_IRQHandler
                0x08000398                I2C2_ER_IRQHandler
                0x08000398                DMA1_Channel2_IRQHandler
                0x08000398                TIM8_BRK_IRQHandler
                0x08000398                CAN1_SCE_IRQHandler
                0x08000398                FLASH_IRQHandler
                0x08000398                USART1_IRQHandler
                0x08000398                OTG_FS_IRQHandler
                0x08000398                SPI3_IRQHandler
                0x08000398                I2C1_ER_IRQHandler
                0x08000398                USBWakeUp_IRQHandler
                0x08000398                DMA2_Channel3_IRQHandler
                0x08000398                TIM1_BRK_TIM15_IRQHandler

.inits          0x0800039c       0x28
                0x0800039c                __data_regions_array_start = .
                0x0800039c        0x4 LONG 0x8001bc8 LOADADDR (.data)
                0x080003a0        0x4 LONG 0x20000000 ADDR (.data)
                0x080003a4        0x4 LONG 0x20000084 (ADDR (.data) + SIZEOF (.data))
                0x080003a8        0x4 LONG 0x8001bc8 LOADADDR (.data_CCMRAM)
                0x080003ac        0x4 LONG 0x0 ADDR (.data_CCMRAM)
                0x080003b0        0x4 LONG 0x0 (ADDR (.data_CCMRAM) + SIZEOF (.data_CCMRAM))
                0x080003b4                __data_regions_array_end = .
                0x080003b4                __bss_regions_array_start = .
                0x080003b4        0x4 LONG 0x20000084 ADDR (.bss)
                0x080003b8        0x4 LONG 0x200001c4 (ADDR (.bss) + SIZEOF (.bss))
                0x080003bc        0x4 LONG 0x0 ADDR (.bss_CCMRAM)
                0x080003c0        0x4 LONG 0x0 (ADDR (.bss_CCMRAM) + SIZEOF (.bss_CCMRAM))
                0x080003c4                __bss_regions_array_end = .
 *(.init)
 *(.fini)
                0x080003c4                . = ALIGN (0x4)
                0x080003c4                PROVIDE (__preinit_array_start, .)
 *(.preinit_array_sysinit .preinit_array_sysinit.*)
 *(.preinit_array_platform .preinit_array_platform.*)
 *(.preinit_array .preinit_array.*)
                0x080003c4                PROVIDE (__preinit_array_end, .)
                0x080003c4                . = ALIGN (0x4)
                0x080003c4                PROVIDE (__init_array_start, .)
 *(SORT(.init_array.*))
 *(.init_array)
                0x080003c4                PROVIDE (__init_array_end, .)
                0x080003c4                . = ALIGN (0x4)
                0x080003c4                PROVIDE (__fini_array_start, .)
 *(SORT(.fini_array.*))
 *(.fini_array)
                0x080003c4                PROVIDE (__fini_array_end, .)

.flashtext
 *(.flashtext .flashtext.*)

.text           0x080003c4     0x1804
 *(.text .text.*)
 .text.GPIO_Init
                0x080003c4      0x128 ./system/src/stm32f1-stdperiph/stm32f10x_gpio.o
                0x080003c4                GPIO_Init
 .text.GPIO_SetBits
                0x080004ec       0x60 ./system/src/stm32f1-stdperiph/stm32f10x_gpio.o
                0x080004ec                GPIO_SetBits
 .text.GPIO_ResetBits
                0x0800054c       0x60 ./system/src/stm32f1-stdperiph/stm32f10x_gpio.o
                0x0800054c                GPIO_ResetBits
 .text.RCC_APB2PeriphClockCmd
                0x080005ac       0x4c ./system/src/stm32f1-stdperiph/stm32f10x_rcc.o
                0x080005ac                RCC_APB2PeriphClockCmd
 .text.abort    0x080005f8        0x8 ./system/src/newlib/_exit.o
                0x080005f8                abort
 .text._sbrk    0x08000600       0x44 ./system/src/newlib/_sbrk.o
                0x08000600                _sbrk
 .text.get_errno
                0x08000644       0x14 ./system/src/newlib/_syscalls.o
 .text.error    0x08000658       0x14 ./system/src/newlib/_syscalls.o
 .text.checkerror
                0x0800066c       0x10 ./system/src/newlib/_syscalls.o
 .text.findslot
                0x0800067c       0x3c ./system/src/newlib/_syscalls.o
 .text._exit    0x080006b8       0x20 ./system/src/newlib/_syscalls.o
                0x080006b8                _exit
 .text.initialise_monitor_handles
                0x080006d8       0xa8 ./system/src/newlib/_syscalls.o
                0x080006d8                initialise_monitor_handles
 .text.__initialize_args
                0x08000780       0xd8 ./system/src/newlib/_syscalls.o
                0x08000780                __initialize_args
 .text._swiread
                0x08000858       0x20 ./system/src/newlib/_syscalls.o
                0x08000858                _swiread
 .text._read    0x08000878       0x38 ./system/src/newlib/_syscalls.o
                0x08000878                _read
 .text._swilseek
                0x080008b0       0xbc ./system/src/newlib/_syscalls.o
                0x080008b0                _swilseek
 .text._lseek   0x0800096c        0x8 ./system/src/newlib/_syscalls.o
                0x0800096c                _lseek
 .text._swiwrite
                0x08000974       0x20 ./system/src/newlib/_syscalls.o
                0x08000974                _swiwrite
 .text._write   0x08000994       0x44 ./system/src/newlib/_syscalls.o
                0x08000994                _write
 .text._swiclose
                0x080009d8       0x20 ./system/src/newlib/_syscalls.o
                0x080009d8                _swiclose
 .text._close   0x080009f8       0x4c ./system/src/newlib/_syscalls.o
                0x080009f8                _close
 .text._swistat
                0x08000a44       0x4c ./system/src/newlib/_syscalls.o
                0x08000a44                _swistat
 .text._fstat   0x08000a90       0x1c ./system/src/newlib/_syscalls.o
                0x08000a90                _fstat
 .text._isatty  0x08000aac       0x38 ./system/src/newlib/_syscalls.o
                0x08000aac                _isatty
 .text.assert_failed
                0x08000ae4        0x8 ./system/src/newlib/assert.o
                0x08000ae4                assert_failed
 .text.__initialize_hardware_early
                0x08000aec       0x18 ./system/src/cortexm/_initialize_hardware.o
                0x08000aec                __initialize_hardware_early
 .text.__initialize_hardware
                0x08000b04        0x8 ./system/src/cortexm/_initialize_hardware.o
                0x08000b04                __initialize_hardware
 .text.isSemihosting
                0x08000b0c      0x100 ./system/src/cortexm/exception_handlers.o
                0x08000b0c                isSemihosting
 .text.SetSysClockTo72
                0x08000c0c       0xc4 ./system/src/cmsis/system_stm32f10x.o
 .text.SetSysClock
                0x08000cd0        0x8 ./system/src/cmsis/system_stm32f10x.o
 .text.SystemInit
                0x08000cd8       0x50 ./system/src/cmsis/system_stm32f10x.o
                0x08000cd8                SystemInit
 .text.SystemCoreClockUpdate
                0x08000d28       0x94 ./system/src/cmsis/system_stm32f10x.o
                0x08000d28                SystemCoreClockUpdate
 .text.blink_led_init
                0x08000dbc       0x38 ./src/BlinkLed.o
                0x08000dbc                blink_led_init
 .text.timer_start
                0x08000df4       0x3c ./src/Timer.o
                0x08000df4                timer_start
 .text.timer_sleep
                0x08000e30       0x14 ./src/Timer.o
                0x08000e30                timer_sleep
 .text.timer_tick
                0x08000e44       0x14 ./src/Timer.o
                0x08000e44                timer_tick
 .text.SysTick_Handler
                0x08000e58        0x8 ./src/Timer.o
                0x08000e58                SysTick_Handler
 .text.main     0x08000e60       0x78 ./src/main.o
                0x08000e60                main
 .text.atoi     0x08000ed8        0x8 /usr/local/gcc-arm-none-eabi-5_4-2016q2/bin/../lib/gcc/arm-none-eabi/5.4.1/../../../../arm-none-eabi/lib/armv7-m/libg_nano.a(lib_a-atoi.o)
                0x08000ed8                atoi
 .text.__errno  0x08000ee0        0xc /usr/local/gcc-arm-none-eabi-5_4-2016q2/bin/../lib/gcc/arm-none-eabi/5.4.1/../../../../arm-none-eabi/lib/armv7-m/libg_nano.a(lib_a-errno.o)
                0x08000ee0                __errno
 .text._cleanup_r
                0x08000eec        0xc /usr/local/gcc-arm-none-eabi-5_4-2016q2/bin/../lib/gcc/arm-none-eabi/5.4.1/../../../../arm-none-eabi/lib/armv7-m/libg_nano.a(lib_a-findfp.o)
                0x08000eec                _cleanup_r
 .text.std.isra.0
                0x08000ef8       0x48 /usr/local/gcc-arm-none-eabi-5_4-2016q2/bin/../lib/gcc/arm-none-eabi/5.4.1/../../../../arm-none-eabi/lib/armv7-m/libg_nano.a(lib_a-findfp.o)
 .text.__sfmoreglue
                0x08000f40       0x2c /usr/local/gcc-arm-none-eabi-5_4-2016q2/bin/../lib/gcc/arm-none-eabi/5.4.1/../../../../arm-none-eabi/lib/armv7-m/libg_nano.a(lib_a-findfp.o)
                0x08000f40                __sfmoreglue
 .text.__sinit  0x08000f6c       0x60 /usr/local/gcc-arm-none-eabi-5_4-2016q2/bin/../lib/gcc/arm-none-eabi/5.4.1/../../../../arm-none-eabi/lib/armv7-m/libg_nano.a(lib_a-findfp.o)
                0x08000f6c                __sinit
 .text.__sfp    0x08000fcc       0x78 /usr/local/gcc-arm-none-eabi-5_4-2016q2/bin/../lib/gcc/arm-none-eabi/5.4.1/../../../../arm-none-eabi/lib/armv7-m/libg_nano.a(lib_a-findfp.o)
                0x08000fcc                __sfp
 .text._fwalk_reent
                0x08001044       0x3c /usr/local/gcc-arm-none-eabi-5_4-2016q2/bin/../lib/gcc/arm-none-eabi/5.4.1/../../../../arm-none-eabi/lib/armv7-m/libg_nano.a(lib_a-fwalk.o)
                0x08001044                _fwalk_reent
 .text._fwrite_r
                0x08001080       0x9c /usr/local/gcc-arm-none-eabi-5_4-2016q2/bin/../lib/gcc/arm-none-eabi/5.4.1/../../../../arm-none-eabi/lib/armv7-m/libg_nano.a(lib_a-fwrite.o)
                0x08001080                _fwrite_r
 .text.fwrite   0x0800111c       0x1c /usr/local/gcc-arm-none-eabi-5_4-2016q2/bin/../lib/gcc/arm-none-eabi/5.4.1/../../../../arm-none-eabi/lib/armv7-m/libg_nano.a(lib_a-fwrite.o)
                0x0800111c                fwrite
 .text.memset   0x08001138       0x10 /usr/local/gcc-arm-none-eabi-5_4-2016q2/bin/../lib/gcc/arm-none-eabi/5.4.1/../../../../arm-none-eabi/lib/armv7-m/libg_nano.a(lib_a-memset.o)
                0x08001138                memset
 .text._malloc_r
                0x08001148       0xbc /usr/local/gcc-arm-none-eabi-5_4-2016q2/bin/../lib/gcc/arm-none-eabi/5.4.1/../../../../arm-none-eabi/lib/armv7-m/libg_nano.a(lib_a-nano-mallocr.o)
                0x08001148                _malloc_r
 .text._puts_r  0x08001204       0xb4 /usr/local/gcc-arm-none-eabi-5_4-2016q2/bin/../lib/gcc/arm-none-eabi/5.4.1/../../../../arm-none-eabi/lib/armv7-m/libg_nano.a(lib_a-puts.o)
                0x08001204                _puts_r
 .text.puts     0x080012b8       0x10 /usr/local/gcc-arm-none-eabi-5_4-2016q2/bin/../lib/gcc/arm-none-eabi/5.4.1/../../../../arm-none-eabi/lib/armv7-m/libg_nano.a(lib_a-puts.o)
                0x080012b8                puts
 .text._sbrk_r  0x080012c8       0x20 /usr/local/gcc-arm-none-eabi-5_4-2016q2/bin/../lib/gcc/arm-none-eabi/5.4.1/../../../../arm-none-eabi/lib/armv7-m/libg_nano.a(lib_a-sbrkr.o)
                0x080012c8                _sbrk_r
 .text.__sread  0x080012e8       0x22 /usr/local/gcc-arm-none-eabi-5_4-2016q2/bin/../lib/gcc/arm-none-eabi/5.4.1/../../../../arm-none-eabi/lib/armv7-m/libg_nano.a(lib_a-stdio.o)
                0x080012e8                __sread
 .text.__swrite
                0x0800130a       0x38 /usr/local/gcc-arm-none-eabi-5_4-2016q2/bin/../lib/gcc/arm-none-eabi/5.4.1/../../../../arm-none-eabi/lib/armv7-m/libg_nano.a(lib_a-stdio.o)
                0x0800130a                __swrite
 .text.__sseek  0x08001342       0x24 /usr/local/gcc-arm-none-eabi-5_4-2016q2/bin/../lib/gcc/arm-none-eabi/5.4.1/../../../../arm-none-eabi/lib/armv7-m/libg_nano.a(lib_a-stdio.o)
                0x08001342                __sseek
 .text.__sclose
                0x08001366        0x8 /usr/local/gcc-arm-none-eabi-5_4-2016q2/bin/../lib/gcc/arm-none-eabi/5.4.1/../../../../arm-none-eabi/lib/armv7-m/libg_nano.a(lib_a-stdio.o)
                0x08001366                __sclose
 .text          0x0800136e       0x14 /usr/local/gcc-arm-none-eabi-5_4-2016q2/bin/../lib/gcc/arm-none-eabi/5.4.1/../../../../arm-none-eabi/lib/armv7-m/libg_nano.a(lib_a-strcmp.o)
                0x0800136e                strcmp
 *fill*         0x08001382        0x2 
 .text._strtol_r
                0x08001384      0x10c /usr/local/gcc-arm-none-eabi-5_4-2016q2/bin/../lib/gcc/arm-none-eabi/5.4.1/../../../../arm-none-eabi/lib/armv7-m/libg_nano.a(lib_a-strtol.o)
                0x08001384                _strtol_r
 .text.strtol   0x08001490       0x14 /usr/local/gcc-arm-none-eabi-5_4-2016q2/bin/../lib/gcc/arm-none-eabi/5.4.1/../../../../arm-none-eabi/lib/armv7-m/libg_nano.a(lib_a-strtol.o)
                0x08001490                strtol
 .text.__swbuf_r
                0x080014a4       0xa8 /usr/local/gcc-arm-none-eabi-5_4-2016q2/bin/../lib/gcc/arm-none-eabi/5.4.1/../../../../arm-none-eabi/lib/armv7-m/libg_nano.a(lib_a-wbuf.o)
                0x080014a4                __swbuf_r
 .text._write_r
                0x0800154c       0x24 /usr/local/gcc-arm-none-eabi-5_4-2016q2/bin/../lib/gcc/arm-none-eabi/5.4.1/../../../../arm-none-eabi/lib/armv7-m/libg_nano.a(lib_a-writer.o)
                0x0800154c                _write_r
 .text.__swsetup_r
                0x08001570       0xdc /usr/local/gcc-arm-none-eabi-5_4-2016q2/bin/../lib/gcc/arm-none-eabi/5.4.1/../../../../arm-none-eabi/lib/armv7-m/libg_nano.a(lib_a-wsetup.o)
                0x08001570                __swsetup_r
 .text._close_r
                0x0800164c       0x20 /usr/local/gcc-arm-none-eabi-5_4-2016q2/bin/../lib/gcc/arm-none-eabi/5.4.1/../../../../arm-none-eabi/lib/armv7-m/libg_nano.a(lib_a-closer.o)
                0x0800164c                _close_r
 .text.__sflush_r
                0x0800166c      0x10c /usr/local/gcc-arm-none-eabi-5_4-2016q2/bin/../lib/gcc/arm-none-eabi/5.4.1/../../../../arm-none-eabi/lib/armv7-m/libg_nano.a(lib_a-fflush.o)
                0x0800166c                __sflush_r
 .text._fflush_r
                0x08001778       0x54 /usr/local/gcc-arm-none-eabi-5_4-2016q2/bin/../lib/gcc/arm-none-eabi/5.4.1/../../../../arm-none-eabi/lib/armv7-m/libg_nano.a(lib_a-fflush.o)
                0x08001778                _fflush_r
 .text._lseek_r
                0x080017cc       0x24 /usr/local/gcc-arm-none-eabi-5_4-2016q2/bin/../lib/gcc/arm-none-eabi/5.4.1/../../../../arm-none-eabi/lib/armv7-m/libg_nano.a(lib_a-lseekr.o)
                0x080017cc                _lseek_r
 .text.__swhatbuf_r
                0x080017f0       0x46 /usr/local/gcc-arm-none-eabi-5_4-2016q2/bin/../lib/gcc/arm-none-eabi/5.4.1/../../../../arm-none-eabi/lib/armv7-m/libg_nano.a(lib_a-makebuf.o)
                0x080017f0                __swhatbuf_r
 *fill*         0x08001836        0x2 
 .text.__smakebuf_r
                0x08001838       0x78 /usr/local/gcc-arm-none-eabi-5_4-2016q2/bin/../lib/gcc/arm-none-eabi/5.4.1/../../../../arm-none-eabi/lib/armv7-m/libg_nano.a(lib_a-makebuf.o)
                0x08001838                __smakebuf_r
 .text.__malloc_lock
                0x080018b0        0x2 /usr/local/gcc-arm-none-eabi-5_4-2016q2/bin/../lib/gcc/arm-none-eabi/5.4.1/../../../../arm-none-eabi/lib/armv7-m/libg_nano.a(lib_a-mlock.o)
                0x080018b0                __malloc_lock
 .text.__malloc_unlock
                0x080018b2        0x2 /usr/local/gcc-arm-none-eabi-5_4-2016q2/bin/../lib/gcc/arm-none-eabi/5.4.1/../../../../arm-none-eabi/lib/armv7-m/libg_nano.a(lib_a-mlock.o)
                0x080018b2                __malloc_unlock
 .text._free_r  0x080018b4       0x98 /usr/local/gcc-arm-none-eabi-5_4-2016q2/bin/../lib/gcc/arm-none-eabi/5.4.1/../../../../arm-none-eabi/lib/armv7-m/libg_nano.a(lib_a-nano-freer.o)
                0x080018b4                _free_r
 .text._read_r  0x0800194c       0x24 /usr/local/gcc-arm-none-eabi-5_4-2016q2/bin/../lib/gcc/arm-none-eabi/5.4.1/../../../../arm-none-eabi/lib/armv7-m/libg_nano.a(lib_a-readr.o)
                0x0800194c                _read_r
 .text._fstat_r
                0x08001970       0x24 /usr/local/gcc-arm-none-eabi-5_4-2016q2/bin/../lib/gcc/arm-none-eabi/5.4.1/../../../../arm-none-eabi/lib/armv7-m/libg_nano.a(lib_a-fstatr.o)
                0x08001970                _fstat_r
 .text._isatty_r
                0x08001994       0x20 /usr/local/gcc-arm-none-eabi-5_4-2016q2/bin/../lib/gcc/arm-none-eabi/5.4.1/../../../../arm-none-eabi/lib/armv7-m/libg_nano.a(lib_a-isattyr.o)
                0x08001994                _isatty_r
 *(.rodata .rodata.* .constdata .constdata.*)
 .rodata.str1.4
                0x080019b4       0x31 ./system/src/stm32f1-stdperiph/stm32f10x_gpio.o
 *fill*         0x080019e5        0x3 
 .rodata.str1.4
                0x080019e8       0x30 ./system/src/stm32f1-stdperiph/stm32f10x_rcc.o
 .rodata.str1.4
                0x08001a18        0x9 ./system/src/newlib/_syscalls.o
 .rodata.str1.4
                0x08001a21        0x4 ./system/src/cortexm/exception_handlers.o
 *fill*         0x08001a21        0x3 
 .rodata.str1.4
                0x08001a24       0x38 ./src/main.o
                                 0x35 (size before relaxing)
 .rodata._ctype_
                0x08001a5c      0x101 /usr/local/gcc-arm-none-eabi-5_4-2016q2/bin/../lib/gcc/arm-none-eabi/5.4.1/../../../../arm-none-eabi/lib/armv7-m/libg_nano.a(lib_a-ctype_.o)
                0x08001a5c                _ctype_
 *fill*         0x08001b5d        0x3 
 .rodata.__sf_fake_stdin
                0x08001b60       0x20 /usr/local/gcc-arm-none-eabi-5_4-2016q2/bin/../lib/gcc/arm-none-eabi/5.4.1/../../../../arm-none-eabi/lib/armv7-m/libg_nano.a(lib_a-findfp.o)
                0x08001b60                __sf_fake_stdin
 .rodata.__sf_fake_stdout
                0x08001b80       0x20 /usr/local/gcc-arm-none-eabi-5_4-2016q2/bin/../lib/gcc/arm-none-eabi/5.4.1/../../../../arm-none-eabi/lib/armv7-m/libg_nano.a(lib_a-findfp.o)
                0x08001b80                __sf_fake_stdout
 .rodata.__sf_fake_stderr
                0x08001ba0       0x20 /usr/local/gcc-arm-none-eabi-5_4-2016q2/bin/../lib/gcc/arm-none-eabi/5.4.1/../../../../arm-none-eabi/lib/armv7-m/libg_nano.a(lib_a-findfp.o)
                0x08001ba0                __sf_fake_stderr
 .rodata.str1.1
                0x08001bc0        0x2 /usr/local/gcc-arm-none-eabi-5_4-2016q2/bin/../lib/gcc/arm-none-eabi/5.4.1/../../../../arm-none-eabi/lib/armv7-m/libg_nano.a(lib_a-impure.o)
 *fill*         0x08001bc2        0x2 
 .rodata._global_impure_ptr
                0x08001bc4        0x4 /usr/local/gcc-arm-none-eabi-5_4-2016q2/bin/../lib/gcc/arm-none-eabi/5.4.1/../../../../arm-none-eabi/lib/armv7-m/libg_nano.a(lib_a-impure.o)
                0x08001bc4                _global_impure_ptr
 *(vtable)
 *(.eh_frame*)
 *(.glue_7)
 .glue_7        0x08001bc8        0x0 linker stubs
 *(.glue_7t)
 .glue_7t       0x08001bc8        0x0 linker stubs

.vfp11_veneer   0x08001bc8        0x0
 .vfp11_veneer  0x08001bc8        0x0 linker stubs

.v4_bx          0x08001bc8        0x0
 .v4_bx         0x08001bc8        0x0 linker stubs

.iplt           0x08001bc8        0x0
 .iplt          0x08001bc8        0x0 ./system/src/stm32f1-stdperiph/misc.o

.rel.dyn        0x08001bc8        0x0
 .rel.iplt      0x08001bc8        0x0 ./system/src/stm32f1-stdperiph/misc.o

.ARM.extab
 *(.ARM.extab* .gnu.linkonce.armextab.*)
                0x08001bc8                . = ALIGN (0x4)
                0x08001bc8                __exidx_start = .

.ARM.exidx
 *(.ARM.exidx* .gnu.linkonce.armexidx.*)
                0x08001bc8                __exidx_end = .
                0x08001bc8                . = ALIGN (0x4)
                0x08001bc8                _etext = .
                0x08001bc8                __etext = .

.data_CCMRAM    0x00000000        0x0 load address 0x08001bc8
 FILL mask 0xff
 *(.data.CCMRAM .data.CCMRAM.*)
                0x00000000                . = ALIGN (0x4)
                0x08001bc8                _sidata = LOADADDR (.data)

.data           0x20000000       0x84 load address 0x08001bc8
 FILL mask 0xff
                0x20000000                _sdata = .
                0x20000000                __data_start__ = .
 *(.data_begin .data_begin.*)
 .data_begin    0x20000000        0x4 ./system/src/newlib/_startup.o
 *(.data .data.*)
 .data.AHBPrescTable
                0x20000004       0x10 ./system/src/cmsis/system_stm32f10x.o
                0x20000004                AHBPrescTable
 .data.SystemCoreClock
                0x20000014        0x4 ./system/src/cmsis/system_stm32f10x.o
                0x20000014                SystemCoreClock
 .data.__ctype_ptr__
                0x20000018        0x4 /usr/local/gcc-arm-none-eabi-5_4-2016q2/bin/../lib/gcc/arm-none-eabi/5.4.1/../../../../arm-none-eabi/lib/armv7-m/libg_nano.a(lib_a-ctype_.o)
                0x20000018                __ctype_ptr__
 .data.impure_data
                0x2000001c       0x60 /usr/local/gcc-arm-none-eabi-5_4-2016q2/bin/../lib/gcc/arm-none-eabi/5.4.1/../../../../arm-none-eabi/lib/armv7-m/libg_nano.a(lib_a-impure.o)
 .data._impure_ptr
                0x2000007c        0x4 /usr/local/gcc-arm-none-eabi-5_4-2016q2/bin/../lib/gcc/arm-none-eabi/5.4.1/../../../../arm-none-eabi/lib/armv7-m/libg_nano.a(lib_a-impure.o)
                0x2000007c                _impure_ptr
 *(.data_end .data_end.*)
 .data_end      0x20000080        0x4 ./system/src/newlib/_startup.o
                0x20000084                . = ALIGN (0x4)
                0x20000084                _edata = .
                0x20000084                __data_end__ = .

.igot.plt       0x20000084        0x0 load address 0x08001c4c
 .igot.plt      0x20000084        0x0 ./system/src/stm32f1-stdperiph/misc.o

.bss_CCMRAM     0x00000000        0x0
 *(.bss.CCMRAM .bss.CCMRAM.*)

.bss            0x20000084      0x140
                0x20000084                __bss_start__ = .
                0x20000084                _sbss = .
 *(.bss_begin .bss_begin.*)
 .bss_begin     0x20000084        0x4 ./system/src/newlib/_startup.o
 *(.bss .bss.*)
 .bss.current_heap_end.4453
                0x20000088        0x4 ./system/src/newlib/_sbrk.o
 .bss.monitor_stdout
                0x2000008c        0x4 ./system/src/newlib/_syscalls.o
 .bss.monitor_stdin
                0x20000090        0x4 ./system/src/newlib/_syscalls.o
 .bss.argv_buf.6236
                0x20000094       0x28 ./system/src/newlib/_syscalls.o
 .bss.monitor_stderr
                0x200000bc        0x4 ./system/src/newlib/_syscalls.o
 .bss.args_buf.6235
                0x200000c0       0x50 ./system/src/newlib/_syscalls.o
 .bss.openfiles
                0x20000110       0xa0 ./system/src/newlib/_syscalls.o
 .bss.__malloc_sbrk_start
                0x200001b0        0x4 /usr/local/gcc-arm-none-eabi-5_4-2016q2/bin/../lib/gcc/arm-none-eabi/5.4.1/../../../../arm-none-eabi/lib/armv7-m/libg_nano.a(lib_a-nano-mallocr.o)
                0x200001b0                __malloc_sbrk_start
 .bss.__malloc_free_list
                0x200001b4        0x4 /usr/local/gcc-arm-none-eabi-5_4-2016q2/bin/../lib/gcc/arm-none-eabi/5.4.1/../../../../arm-none-eabi/lib/armv7-m/libg_nano.a(lib_a-nano-mallocr.o)
                0x200001b4                __malloc_free_list
 *(COMMON)
 COMMON         0x200001b8        0x4 ./system/src/newlib/_syscalls.o
                0x200001b8                errno
 COMMON         0x200001bc        0x4 ./src/Timer.o
                0x200001bc                timer_delayCount
 *(.bss_end .bss_end.*)
 .bss_end       0x200001c0        0x4 ./system/src/newlib/_startup.o
                0x200001c4                . = ALIGN (0x4)
                0x200001c4                __bss_end__ = .
                0x200001c4                _ebss = .

.noinit_CCMRAM
 *(.noinit.CCMRAM .noinit.CCMRAM.*)

.noinit         0x200001c4        0x0
                0x200001c4                _noinit = .
 *(.noinit .noinit.*)
                0x200001c4                . = ALIGN (0x4)
                0x200001c4                _end_noinit = .
                [!provide]                PROVIDE (end, _end_noinit)
                [!provide]                PROVIDE (_end, _end_noinit)
                [!provide]                PROVIDE (__end, _end_noinit)
                [!provide]                PROVIDE (__end__, _end_noinit)

._check_stack   0x200001c4      0x100
                0x200002c4                . = (. + _Minimum_Stack_Size)
 *fill*         0x200001c4      0x100 

.b1text
 *(.b1text)
 *(.b1rodata)
 *(.b1rodata.*)

.eb0text
 *(.eb0text)
 *(.eb0rodata)
 *(.eb0rodata.*)

.eb1text
 *(.eb1text)
 *(.eb1rodata)
 *(.eb1rodata.*)

.eb2text
 *(.eb2text)
 *(.eb2rodata)
 *(.eb2rodata.*)

.eb3text
 *(.eb3text)
 *(.eb3rodata)
 *(.eb3rodata.*)

.stab
 *(.stab)

.stabstr
 *(.stabstr)

.stab.excl
 *(.stab.excl)

.stab.exclstr
 *(.stab.exclstr)

.stab.index
 *(.stab.index)

.stab.indexstr
 *(.stab.indexstr)

.comment        0x00000000       0x6e
 *(.comment)
 .comment       0x00000000       0x6e ./system/src/stm32f1-stdperiph/stm32f10x_gpio.o
                                 0x6f (size before relaxing)
 .comment       0x0000006e       0x6f ./system/src/stm32f1-stdperiph/stm32f10x_rcc.o
 .comment       0x0000006e       0x6f ./system/src/newlib/_exit.o
 .comment       0x0000006e       0x6f ./system/src/newlib/_sbrk.o
 .comment       0x0000006e       0x6f ./system/src/newlib/_startup.o
 .comment       0x0000006e       0x6f ./system/src/newlib/_syscalls.o
 .comment       0x0000006e       0x6f ./system/src/newlib/assert.o
 .comment       0x0000006e       0x6f ./system/src/cortexm/_initialize_hardware.o
 .comment       0x0000006e       0x6f ./system/src/cortexm/exception_handlers.o
 .comment       0x0000006e       0x6f ./system/src/cmsis/system_stm32f10x.o
 .comment       0x0000006e       0x6f ./system/src/cmsis/vectors_stm32f10x.o
 .comment       0x0000006e       0x6f ./src/BlinkLed.o
 .comment       0x0000006e       0x6f ./src/Timer.o
 .comment       0x0000006e       0x6f ./src/main.o

.ARM.attributes
                0x00000000       0x31
 .ARM.attributes
                0x00000000       0x33 ./system/src/stm32f1-stdperiph/stm32f10x_gpio.o
 .ARM.attributes
                0x00000033       0x33 ./system/src/stm32f1-stdperiph/stm32f10x_rcc.o
 .ARM.attributes
                0x00000066       0x33 ./system/src/newlib/_exit.o
 .ARM.attributes
                0x00000099       0x33 ./system/src/newlib/_sbrk.o
 .ARM.attributes
                0x000000cc       0x33 ./system/src/newlib/_startup.o
 .ARM.attributes
                0x000000ff       0x33 ./system/src/newlib/_syscalls.o
 .ARM.attributes
                0x00000132       0x33 ./system/src/newlib/assert.o
 .ARM.attributes
                0x00000165       0x33 ./system/src/cortexm/_initialize_hardware.o
 .ARM.attributes
                0x00000198       0x33 ./system/src/cortexm/exception_handlers.o
 .ARM.attributes
                0x000001cb       0x33 ./system/src/cmsis/system_stm32f10x.o
 .ARM.attributes
                0x000001fe       0x33 ./system/src/cmsis/vectors_stm32f10x.o
 .ARM.attributes
                0x00000231       0x33 ./src/BlinkLed.o
 .ARM.attributes
                0x00000264       0x33 ./src/Timer.o
 .ARM.attributes
                0x00000297       0x33 ./src/main.o
 .ARM.attributes
                0x000002ca       0x2d /usr/local/gcc-arm-none-eabi-5_4-2016q2/bin/../lib/gcc/arm-none-eabi/5.4.1/../../../../arm-none-eabi/lib/armv7-m/libg_nano.a(lib_a-atoi.o)
 .ARM.attributes
                0x000002f7       0x2d /usr/local/gcc-arm-none-eabi-5_4-2016q2/bin/../lib/gcc/arm-none-eabi/5.4.1/../../../../arm-none-eabi/lib/armv7-m/libg_nano.a(lib_a-ctype_.o)
 .ARM.attributes
                0x00000324       0x2d /usr/local/gcc-arm-none-eabi-5_4-2016q2/bin/../lib/gcc/arm-none-eabi/5.4.1/../../../../arm-none-eabi/lib/armv7-m/libg_nano.a(lib_a-errno.o)
 .ARM.attributes
                0x00000351       0x2d /usr/local/gcc-arm-none-eabi-5_4-2016q2/bin/../lib/gcc/arm-none-eabi/5.4.1/../../../../arm-none-eabi/lib/armv7-m/libg_nano.a(lib_a-findfp.o)
 .ARM.attributes
                0x0000037e       0x2d /usr/local/gcc-arm-none-eabi-5_4-2016q2/bin/../lib/gcc/arm-none-eabi/5.4.1/../../../../arm-none-eabi/lib/armv7-m/libg_nano.a(lib_a-fwalk.o)
 .ARM.attributes
                0x000003ab       0x2d /usr/local/gcc-arm-none-eabi-5_4-2016q2/bin/../lib/gcc/arm-none-eabi/5.4.1/../../../../arm-none-eabi/lib/armv7-m/libg_nano.a(lib_a-fwrite.o)
 .ARM.attributes
                0x000003d8       0x2d /usr/local/gcc-arm-none-eabi-5_4-2016q2/bin/../lib/gcc/arm-none-eabi/5.4.1/../../../../arm-none-eabi/lib/armv7-m/libg_nano.a(lib_a-impure.o)
 .ARM.attributes
                0x00000405       0x2d /usr/local/gcc-arm-none-eabi-5_4-2016q2/bin/../lib/gcc/arm-none-eabi/5.4.1/../../../../arm-none-eabi/lib/armv7-m/libg_nano.a(lib_a-memset.o)
 .ARM.attributes
                0x00000432       0x2d /usr/local/gcc-arm-none-eabi-5_4-2016q2/bin/../lib/gcc/arm-none-eabi/5.4.1/../../../../arm-none-eabi/lib/armv7-m/libg_nano.a(lib_a-nano-mallocr.o)
 .ARM.attributes
                0x0000045f       0x2d /usr/local/gcc-arm-none-eabi-5_4-2016q2/bin/../lib/gcc/arm-none-eabi/5.4.1/../../../../arm-none-eabi/lib/armv7-m/libg_nano.a(lib_a-puts.o)
 .ARM.attributes
                0x0000048c       0x2d /usr/local/gcc-arm-none-eabi-5_4-2016q2/bin/../lib/gcc/arm-none-eabi/5.4.1/../../../../arm-none-eabi/lib/armv7-m/libg_nano.a(lib_a-sbrkr.o)
 .ARM.attributes
                0x000004b9       0x2d /usr/local/gcc-arm-none-eabi-5_4-2016q2/bin/../lib/gcc/arm-none-eabi/5.4.1/../../../../arm-none-eabi/lib/armv7-m/libg_nano.a(lib_a-stdio.o)
 .ARM.attributes
                0x000004e6       0x1b /usr/local/gcc-arm-none-eabi-5_4-2016q2/bin/../lib/gcc/arm-none-eabi/5.4.1/../../../../arm-none-eabi/lib/armv7-m/libg_nano.a(lib_a-strcmp.o)
 .ARM.attributes
                0x00000501       0x2d /usr/local/gcc-arm-none-eabi-5_4-2016q2/bin/../lib/gcc/arm-none-eabi/5.4.1/../../../../arm-none-eabi/lib/armv7-m/libg_nano.a(lib_a-strtol.o)
 .ARM.attributes
                0x0000052e       0x2d /usr/local/gcc-arm-none-eabi-5_4-2016q2/bin/../lib/gcc/arm-none-eabi/5.4.1/../../../../arm-none-eabi/lib/armv7-m/libg_nano.a(lib_a-wbuf.o)
 .ARM.attributes
                0x0000055b       0x2d /usr/local/gcc-arm-none-eabi-5_4-2016q2/bin/../lib/gcc/arm-none-eabi/5.4.1/../../../../arm-none-eabi/lib/armv7-m/libg_nano.a(lib_a-writer.o)
 .ARM.attributes
                0x00000588       0x2d /usr/local/gcc-arm-none-eabi-5_4-2016q2/bin/../lib/gcc/arm-none-eabi/5.4.1/../../../../arm-none-eabi/lib/armv7-m/libg_nano.a(lib_a-wsetup.o)
 .ARM.attributes
                0x000005b5       0x2d /usr/local/gcc-arm-none-eabi-5_4-2016q2/bin/../lib/gcc/arm-none-eabi/5.4.1/../../../../arm-none-eabi/lib/armv7-m/libg_nano.a(lib_a-closer.o)
 .ARM.attributes
                0x000005e2       0x2d /usr/local/gcc-arm-none-eabi-5_4-2016q2/bin/../lib/gcc/arm-none-eabi/5.4.1/../../../../arm-none-eabi/lib/armv7-m/libg_nano.a(lib_a-fflush.o)
 .ARM.attributes
                0x0000060f       0x2d /usr/local/gcc-arm-none-eabi-5_4-2016q2/bin/../lib/gcc/arm-none-eabi/5.4.1/../../../../arm-none-eabi/lib/armv7-m/libg_nano.a(lib_a-lseekr.o)
 .ARM.attributes
                0x0000063c       0x2d /usr/local/gcc-arm-none-eabi-5_4-2016q2/bin/../lib/gcc/arm-none-eabi/5.4.1/../../../../arm-none-eabi/lib/armv7-m/libg_nano.a(lib_a-makebuf.o)
 .ARM.attributes
                0x00000669       0x2d /usr/local/gcc-arm-none-eabi-5_4-2016q2/bin/../lib/gcc/arm-none-eabi/5.4.1/../../../../arm-none-eabi/lib/armv7-m/libg_nano.a(lib_a-mlock.o)
 .ARM.attributes
                0x00000696       0x2d /usr/local/gcc-arm-none-eabi-5_4-2016q2/bin/../lib/gcc/arm-none-eabi/5.4.1/../../../../arm-none-eabi/lib/armv7-m/libg_nano.a(lib_a-nano-freer.o)
 .ARM.attributes
                0x000006c3       0x2d /usr/local/gcc-arm-none-eabi-5_4-2016q2/bin/../lib/gcc/arm-none-eabi/5.4.1/../../../../arm-none-eabi/lib/armv7-m/libg_nano.a(lib_a-readr.o)
 .ARM.attributes
                0x000006f0       0x2d /usr/local/gcc-arm-none-eabi-5_4-2016q2/bin/../lib/gcc/arm-none-eabi/5.4.1/../../../../arm-none-eabi/lib/armv7-m/libg_nano.a(lib_a-fstatr.o)
 .ARM.attributes
                0x0000071d       0x2d /usr/local/gcc-arm-none-eabi-5_4-2016q2/bin/../lib/gcc/arm-none-eabi/5.4.1/../../../../arm-none-eabi/lib/armv7-m/libg_nano.a(lib_a-isattyr.o)

.debug
 *(.debug)

.line
 *(.line)

.debug_srcinfo
 *(.debug_srcinfo)

.debug_sfnames
 *(.debug_sfnames)

.debug_aranges  0x00000000      0x510
 *(.debug_aranges)
 .debug_aranges
                0x00000000       0xa8 ./system/src/stm32f1-stdperiph/stm32f10x_gpio.o
 .debug_aranges
                0x000000a8      0x118 ./system/src/stm32f1-stdperiph/stm32f10x_rcc.o
 .debug_aranges
                0x000001c0       0x28 ./system/src/newlib/_exit.o
 .debug_aranges
                0x000001e8       0x20 ./system/src/newlib/_sbrk.o
 .debug_aranges
                0x00000208       0x40 ./system/src/newlib/_startup.o
 .debug_aranges
                0x00000248      0x120 ./system/src/newlib/_syscalls.o
 .debug_aranges
                0x00000368       0x28 ./system/src/newlib/assert.o
 .debug_aranges
                0x00000390       0x28 ./system/src/cortexm/_initialize_hardware.o
 .debug_aranges
                0x000003b8       0x88 ./system/src/cortexm/exception_handlers.o
 .debug_aranges
                0x00000440       0x38 ./system/src/cmsis/system_stm32f10x.o
 .debug_aranges
                0x00000478       0x20 ./system/src/cmsis/vectors_stm32f10x.o
 .debug_aranges
                0x00000498       0x20 ./src/BlinkLed.o
 .debug_aranges
                0x000004b8       0x38 ./src/Timer.o
 .debug_aranges
                0x000004f0       0x20 ./src/main.o

.debug_pubnames
 *(.debug_pubnames)

.debug_info     0x00000000     0x62ee
 *(.debug_info .gnu.linkonce.wi.*)
 .debug_info    0x00000000      0xbf7 ./system/src/stm32f1-stdperiph/stm32f10x_gpio.o
 .debug_info    0x00000bf7      0xc9c ./system/src/stm32f1-stdperiph/stm32f10x_rcc.o
 .debug_info    0x00001893       0xee ./system/src/newlib/_exit.o
 .debug_info    0x00001981      0x11f ./system/src/newlib/_sbrk.o
 .debug_info    0x00001aa0      0x45f ./system/src/newlib/_startup.o
 .debug_info    0x00001eff     0x1f2a ./system/src/newlib/_syscalls.o
 .debug_info    0x00003e29      0x182 ./system/src/newlib/assert.o
 .debug_info    0x00003fab      0x2d2 ./system/src/cortexm/_initialize_hardware.o
 .debug_info    0x0000427d      0x637 ./system/src/cortexm/exception_handlers.o
 .debug_info    0x000048b4      0x4c3 ./system/src/cmsis/system_stm32f10x.o
 .debug_info    0x00004d77       0xd1 ./system/src/cmsis/vectors_stm32f10x.o
 .debug_info    0x00004e48      0x2ac ./src/BlinkLed.o
 .debug_info    0x000050f4      0x6be ./src/Timer.o
 .debug_info    0x000057b2      0xb3c ./src/main.o

.debug_abbrev   0x00000000     0x16e2
 *(.debug_abbrev)
 .debug_abbrev  0x00000000      0x1f4 ./system/src/stm32f1-stdperiph/stm32f10x_gpio.o
 .debug_abbrev  0x000001f4      0x1f8 ./system/src/stm32f1-stdperiph/stm32f10x_rcc.o
 .debug_abbrev  0x000003ec       0xbd ./system/src/newlib/_exit.o
 .debug_abbrev  0x000004a9       0xb9 ./system/src/newlib/_sbrk.o
 .debug_abbrev  0x00000562      0x1ac ./system/src/newlib/_startup.o
 .debug_abbrev  0x0000070e      0x41e ./system/src/newlib/_syscalls.o
 .debug_abbrev  0x00000b2c       0xb9 ./system/src/newlib/assert.o
 .debug_abbrev  0x00000be5       0xea ./system/src/cortexm/_initialize_hardware.o
 .debug_abbrev  0x00000ccf      0x250 ./system/src/cortexm/exception_handlers.o
 .debug_abbrev  0x00000f1f      0x159 ./system/src/cmsis/system_stm32f10x.o
 .debug_abbrev  0x00001078       0x9d ./system/src/cmsis/vectors_stm32f10x.o
 .debug_abbrev  0x00001115      0x14d ./src/BlinkLed.o
 .debug_abbrev  0x00001262      0x1c0 ./src/Timer.o
 .debug_abbrev  0x00001422      0x2c0 ./src/main.o

.debug_line     0x00000000     0x48a6
 *(.debug_line)
 .debug_line    0x00000000      0x9ee ./system/src/stm32f1-stdperiph/stm32f10x_gpio.o
 .debug_line    0x000009ee      0x938 ./system/src/stm32f1-stdperiph/stm32f10x_rcc.o
 .debug_line    0x00001326      0x2f7 ./system/src/newlib/_exit.o
 .debug_line    0x0000161d      0x2aa ./system/src/newlib/_sbrk.o
 .debug_line    0x000018c7      0x369 ./system/src/newlib/_startup.o
 .debug_line    0x00001c30      0x83f ./system/src/newlib/_syscalls.o
 .debug_line    0x0000246f      0x329 ./system/src/newlib/assert.o
 .debug_line    0x00002798      0x475 ./system/src/cortexm/_initialize_hardware.o
 .debug_line    0x00002c0d      0x694 ./system/src/cortexm/exception_handlers.o
 .debug_line    0x000032a1      0x4d5 ./system/src/cmsis/system_stm32f10x.o
 .debug_line    0x00003776      0x205 ./system/src/cmsis/vectors_stm32f10x.o
 .debug_line    0x0000397b      0x452 ./src/BlinkLed.o
 .debug_line    0x00003dcd      0x4c8 ./src/Timer.o
 .debug_line    0x00004295      0x611 ./src/main.o

.debug_frame    0x00000000     0x12bc
 *(.debug_frame)
 .debug_frame   0x00000000      0x1e8 ./system/src/stm32f1-stdperiph/stm32f10x_gpio.o
 .debug_frame   0x000001e8      0x31c ./system/src/stm32f1-stdperiph/stm32f10x_rcc.o
 .debug_frame   0x00000504       0x38 ./system/src/newlib/_exit.o
 .debug_frame   0x0000053c       0x28 ./system/src/newlib/_sbrk.o
 .debug_frame   0x00000564       0x7c ./system/src/newlib/_startup.o
 .debug_frame   0x000005e0      0x3d0 ./system/src/newlib/_syscalls.o
 .debug_frame   0x000009b0       0x40 ./system/src/newlib/assert.o
 .debug_frame   0x000009f0       0x40 ./system/src/cortexm/_initialize_hardware.o
 .debug_frame   0x00000a30      0x10c ./system/src/cortexm/exception_handlers.o
 .debug_frame   0x00000b3c       0x68 ./system/src/cmsis/system_stm32f10x.o
 .debug_frame   0x00000ba4       0x20 ./system/src/cmsis/vectors_stm32f10x.o
 .debug_frame   0x00000bc4       0x30 ./src/BlinkLed.o
 .debug_frame   0x00000bf4       0x58 ./src/Timer.o
 .debug_frame   0x00000c4c       0x2c ./src/main.o
 .debug_frame   0x00000c78       0x30 /usr/local/gcc-arm-none-eabi-5_4-2016q2/bin/../lib/gcc/arm-none-eabi/5.4.1/../../../../arm-none-eabi/lib/armv7-m/libg_nano.a(lib_a-atoi.o)
 .debug_frame   0x00000ca8       0x20 /usr/local/gcc-arm-none-eabi-5_4-2016q2/bin/../lib/gcc/arm-none-eabi/5.4.1/../../../../arm-none-eabi/lib/armv7-m/libg_nano.a(lib_a-errno.o)
 .debug_frame   0x00000cc8      0x11c /usr/local/gcc-arm-none-eabi-5_4-2016q2/bin/../lib/gcc/arm-none-eabi/5.4.1/../../../../arm-none-eabi/lib/armv7-m/libg_nano.a(lib_a-findfp.o)
 .debug_frame   0x00000de4       0x54 /usr/local/gcc-arm-none-eabi-5_4-2016q2/bin/../lib/gcc/arm-none-eabi/5.4.1/../../../../arm-none-eabi/lib/armv7-m/libg_nano.a(lib_a-fwalk.o)
 .debug_frame   0x00000e38       0x4c /usr/local/gcc-arm-none-eabi-5_4-2016q2/bin/../lib/gcc/arm-none-eabi/5.4.1/../../../../arm-none-eabi/lib/armv7-m/libg_nano.a(lib_a-fwrite.o)
 .debug_frame   0x00000e84       0x20 /usr/local/gcc-arm-none-eabi-5_4-2016q2/bin/../lib/gcc/arm-none-eabi/5.4.1/../../../../arm-none-eabi/lib/armv7-m/libg_nano.a(lib_a-memset.o)
 .debug_frame   0x00000ea4       0x2c /usr/local/gcc-arm-none-eabi-5_4-2016q2/bin/../lib/gcc/arm-none-eabi/5.4.1/../../../../arm-none-eabi/lib/armv7-m/libg_nano.a(lib_a-nano-mallocr.o)
 .debug_frame   0x00000ed0       0x3c /usr/local/gcc-arm-none-eabi-5_4-2016q2/bin/../lib/gcc/arm-none-eabi/5.4.1/../../../../arm-none-eabi/lib/armv7-m/libg_nano.a(lib_a-puts.o)
 .debug_frame   0x00000f0c       0x2c /usr/local/gcc-arm-none-eabi-5_4-2016q2/bin/../lib/gcc/arm-none-eabi/5.4.1/../../../../arm-none-eabi/lib/armv7-m/libg_nano.a(lib_a-sbrkr.o)
 .debug_frame   0x00000f38       0x88 /usr/local/gcc-arm-none-eabi-5_4-2016q2/bin/../lib/gcc/arm-none-eabi/5.4.1/../../../../arm-none-eabi/lib/armv7-m/libg_nano.a(lib_a-stdio.o)
 .debug_frame   0x00000fc0       0x20 /usr/local/gcc-arm-none-eabi-5_4-2016q2/bin/../lib/gcc/arm-none-eabi/5.4.1/../../../../arm-none-eabi/lib/armv7-m/libg_nano.a(lib_a-strcmp.o)
 .debug_frame   0x00000fe0       0x44 /usr/local/gcc-arm-none-eabi-5_4-2016q2/bin/../lib/gcc/arm-none-eabi/5.4.1/../../../../arm-none-eabi/lib/armv7-m/libg_nano.a(lib_a-strtol.o)
 .debug_frame   0x00001024       0x40 /usr/local/gcc-arm-none-eabi-5_4-2016q2/bin/../lib/gcc/arm-none-eabi/5.4.1/../../../../arm-none-eabi/lib/armv7-m/libg_nano.a(lib_a-wbuf.o)
 .debug_frame   0x00001064       0x2c /usr/local/gcc-arm-none-eabi-5_4-2016q2/bin/../lib/gcc/arm-none-eabi/5.4.1/../../../../arm-none-eabi/lib/armv7-m/libg_nano.a(lib_a-writer.o)
 .debug_frame   0x00001090       0x2c /usr/local/gcc-arm-none-eabi-5_4-2016q2/bin/../lib/gcc/arm-none-eabi/5.4.1/../../../../arm-none-eabi/lib/armv7-m/libg_nano.a(lib_a-wsetup.o)
 .debug_frame   0x000010bc       0x2c /usr/local/gcc-arm-none-eabi-5_4-2016q2/bin/../lib/gcc/arm-none-eabi/5.4.1/../../../../arm-none-eabi/lib/armv7-m/libg_nano.a(lib_a-closer.o)
 .debug_frame   0x000010e8       0x68 /usr/local/gcc-arm-none-eabi-5_4-2016q2/bin/../lib/gcc/arm-none-eabi/5.4.1/../../../../arm-none-eabi/lib/armv7-m/libg_nano.a(lib_a-fflush.o)
 .debug_frame   0x00001150       0x2c /usr/local/gcc-arm-none-eabi-5_4-2016q2/bin/../lib/gcc/arm-none-eabi/5.4.1/../../../../arm-none-eabi/lib/armv7-m/libg_nano.a(lib_a-lseekr.o)
 .debug_frame   0x0000117c       0x54 /usr/local/gcc-arm-none-eabi-5_4-2016q2/bin/../lib/gcc/arm-none-eabi/5.4.1/../../../../arm-none-eabi/lib/armv7-m/libg_nano.a(lib_a-makebuf.o)
 .debug_frame   0x000011d0       0x30 /usr/local/gcc-arm-none-eabi-5_4-2016q2/bin/../lib/gcc/arm-none-eabi/5.4.1/../../../../arm-none-eabi/lib/armv7-m/libg_nano.a(lib_a-mlock.o)
 .debug_frame   0x00001200       0x38 /usr/local/gcc-arm-none-eabi-5_4-2016q2/bin/../lib/gcc/arm-none-eabi/5.4.1/../../../../arm-none-eabi/lib/armv7-m/libg_nano.a(lib_a-nano-freer.o)
 .debug_frame   0x00001238       0x2c /usr/local/gcc-arm-none-eabi-5_4-2016q2/bin/../lib/gcc/arm-none-eabi/5.4.1/../../../../arm-none-eabi/lib/armv7-m/libg_nano.a(lib_a-readr.o)
 .debug_frame   0x00001264       0x2c /usr/local/gcc-arm-none-eabi-5_4-2016q2/bin/../lib/gcc/arm-none-eabi/5.4.1/../../../../arm-none-eabi/lib/armv7-m/libg_nano.a(lib_a-fstatr.o)
 .debug_frame   0x00001290       0x2c /usr/local/gcc-arm-none-eabi-5_4-2016q2/bin/../lib/gcc/arm-none-eabi/5.4.1/../../../../arm-none-eabi/lib/armv7-m/libg_nano.a(lib_a-isattyr.o)

.debug_str      0x00000000    0x5734d
 *(.debug_str)
 .debug_str     0x00000000    0x4ebd0 ./system/src/stm32f1-stdperiph/stm32f10x_gpio.o
                              0x4ed52 (size before relaxing)
 .debug_str     0x0004ebd0      0xb4a ./system/src/stm32f1-stdperiph/stm32f10x_rcc.o
                              0x4f321 (size before relaxing)
 .debug_str     0x0004f71a     0x444f ./system/src/newlib/_exit.o
                               0x6e94 (size before relaxing)
 .debug_str     0x00053b69      0x4de ./system/src/newlib/_sbrk.o
                               0x627f (size before relaxing)
 .debug_str     0x00054047      0x260 ./system/src/newlib/_startup.o
                               0x5de3 (size before relaxing)
 .debug_str     0x000542a7     0x2574 ./system/src/newlib/_syscalls.o
                               0xa279 (size before relaxing)
 .debug_str     0x0005681b       0xd7 ./system/src/newlib/assert.o
                               0x7975 (size before relaxing)
 .debug_str     0x000568f2       0xcb ./system/src/cortexm/_initialize_hardware.o
                              0x4e831 (size before relaxing)
 .debug_str     0x000569bd      0x1d6 ./system/src/cortexm/exception_handlers.o
                              0x53031 (size before relaxing)
 .debug_str     0x00056b93       0xa6 ./system/src/cmsis/system_stm32f10x.o
                              0x4e8e6 (size before relaxing)
 .debug_str     0x00056c39       0x57 ./system/src/cmsis/vectors_stm32f10x.o
                               0x343e (size before relaxing)
 .debug_str     0x00056c90      0x12f ./src/BlinkLed.o
                              0x4e9b5 (size before relaxing)
 .debug_str     0x00056dbf      0x4ce ./src/Timer.o
                              0x4ecda (size before relaxing)
 .debug_str     0x0005728d       0xc0 ./src/main.o
                              0x5392c (size before relaxing)

.debug_loc      0x00000000     0x2881
 *(.debug_loc)
 .debug_loc     0x00000000      0x776 ./system/src/stm32f1-stdperiph/stm32f10x_gpio.o
 .debug_loc     0x00000776      0x91f ./system/src/stm32f1-stdperiph/stm32f10x_rcc.o
 .debug_loc     0x00001095       0x82 ./system/src/newlib/_sbrk.o
 .debug_loc     0x00001117      0x265 ./system/src/newlib/_startup.o
 .debug_loc     0x0000137c      0xf8a ./system/src/newlib/_syscalls.o
 .debug_loc     0x00002306       0xc6 ./system/src/newlib/assert.o
 .debug_loc     0x000023cc      0x2a3 ./system/src/cortexm/exception_handlers.o
 .debug_loc     0x0000266f       0xdf ./system/src/cmsis/system_stm32f10x.o
 .debug_loc     0x0000274e       0x59 ./src/Timer.o
 .debug_loc     0x000027a7       0xda ./src/main.o

.debug_macinfo
 *(.debug_macinfo)

.debug_weaknames
 *(.debug_weaknames)

.debug_funcnames
 *(.debug_funcnames)

.debug_typenames
 *(.debug_typenames)

.debug_varnames
 *(.debug_varnames)
OUTPUT(blinky.elf elf32-littlearm)

.debug_ranges   0x00000000      0x498
 .debug_ranges  0x00000000       0x98 ./system/src/stm32f1-stdperiph/stm32f10x_gpio.o
 .debug_ranges  0x00000098      0x108 ./system/src/stm32f1-stdperiph/stm32f10x_rcc.o
 .debug_ranges  0x000001a0       0x18 ./system/src/newlib/_exit.o
 .debug_ranges  0x000001b8       0x10 ./system/src/newlib/_sbrk.o
 .debug_ranges  0x000001c8       0x48 ./system/src/newlib/_startup.o
 .debug_ranges  0x00000210      0x148 ./system/src/newlib/_syscalls.o
 .debug_ranges  0x00000358       0x18 ./system/src/newlib/assert.o
 .debug_ranges  0x00000370       0x18 ./system/src/cortexm/_initialize_hardware.o
 .debug_ranges  0x00000388       0x90 ./system/src/cortexm/exception_handlers.o
 .debug_ranges  0x00000418       0x28 ./system/src/cmsis/system_stm32f10x.o
 .debug_ranges  0x00000440       0x10 ./system/src/cmsis/vectors_stm32f10x.o
 .debug_ranges  0x00000450       0x10 ./src/BlinkLed.o
 .debug_ranges  0x00000460       0x28 ./src/Timer.o
 .debug_ranges  0x00000488       0x10 ./src/main.o

.debug_macro    0x00000000     0x3af9
 .debug_macro   0x00000000      0x1f8 ./system/src/stm32f1-stdperiph/stm32f10x_gpio.o
 .debug_macro   0x000001f8       0x8b ./system/src/stm32f1-stdperiph/stm32f10x_gpio.o
 .debug_macro   0x00000283      0x2a6 ./system/src/stm32f1-stdperiph/stm32f10x_gpio.o
 .debug_macro   0x00000529      0x2c6 ./system/src/stm32f1-stdperiph/stm32f10x_rcc.o
 .debug_macro   0x000007ef      0x3dc ./system/src/stm32f1-stdperiph/stm32f10x_rcc.o
 .debug_macro   0x00000bcb      0x19c ./system/src/newlib/_exit.o
 .debug_macro   0x00000d67       0x9c ./system/src/newlib/_exit.o
 .debug_macro   0x00000e03      0x10e ./system/src/newlib/_exit.o
 .debug_macro   0x00000f11       0x8d ./system/src/newlib/_exit.o
 .debug_macro   0x00000f9e       0x43 ./system/src/newlib/_exit.o
 .debug_macro   0x00000fe1      0x30d ./system/src/newlib/_exit.o
 .debug_macro   0x000012ee       0x35 ./system/src/newlib/_exit.o
 .debug_macro   0x00001323      0x151 ./system/src/newlib/_sbrk.o
 .debug_macro   0x00001474      0x174 ./system/src/newlib/_sbrk.o
 .debug_macro   0x000015e8       0x10 ./system/src/newlib/_sbrk.o
 .debug_macro   0x000015f8      0x23b ./system/src/newlib/_sbrk.o
 .debug_macro   0x00001833      0x170 ./system/src/newlib/_startup.o
 .debug_macro   0x000019a3       0x52 ./system/src/newlib/_startup.o
 .debug_macro   0x000019f5      0x2b8 ./system/src/newlib/_syscalls.o
 .debug_macro   0x00001cad       0x10 ./system/src/newlib/_syscalls.o
 .debug_macro   0x00001cbd       0x10 ./system/src/newlib/_syscalls.o
 .debug_macro   0x00001ccd       0x10 ./system/src/newlib/_syscalls.o
 .debug_macro   0x00001cdd       0x35 ./system/src/newlib/_syscalls.o
 .debug_macro   0x00001d12      0x122 ./system/src/newlib/_syscalls.o
 .debug_macro   0x00001e34      0x1da ./system/src/newlib/_syscalls.o
 .debug_macro   0x0000200e       0x10 ./system/src/newlib/_syscalls.o
 .debug_macro   0x0000201e       0x1c ./system/src/newlib/_syscalls.o
 .debug_macro   0x0000203a       0x10 ./system/src/newlib/_syscalls.o
 .debug_macro   0x0000204a       0x16 ./system/src/newlib/_syscalls.o
 .debug_macro   0x00002060      0x189 ./system/src/newlib/_syscalls.o
 .debug_macro   0x000021e9       0x16 ./system/src/newlib/_syscalls.o
 .debug_macro   0x000021ff       0x88 ./system/src/newlib/_syscalls.o
 .debug_macro   0x00002287      0x241 ./system/src/newlib/_syscalls.o
 .debug_macro   0x000024c8       0x16 ./system/src/newlib/_syscalls.o
 .debug_macro   0x000024de       0x3a ./system/src/newlib/_syscalls.o
 .debug_macro   0x00002518       0xac ./system/src/newlib/_syscalls.o
 .debug_macro   0x000025c4      0x159 ./system/src/newlib/_syscalls.o
 .debug_macro   0x0000271d       0x16 ./system/src/newlib/_syscalls.o
 .debug_macro   0x00002733       0x22 ./system/src/newlib/_syscalls.o
 .debug_macro   0x00002755      0x1c7 ./system/src/newlib/assert.o
 .debug_macro   0x0000291c       0x1c ./system/src/newlib/assert.o
 .debug_macro   0x00002938      0x1aa ./system/src/cortexm/_initialize_hardware.o
 .debug_macro   0x00002ae2      0x322 ./system/src/cortexm/exception_handlers.o
 .debug_macro   0x00002e04       0x3b ./system/src/cortexm/exception_handlers.o
 .debug_macro   0x00002e3f       0x10 ./system/src/cortexm/exception_handlers.o
 .debug_macro   0x00002e4f       0xcf ./system/src/cortexm/exception_handlers.o
 .debug_macro   0x00002f1e       0xbe ./system/src/cortexm/exception_handlers.o
 .debug_macro   0x00002fdc       0x10 ./system/src/cortexm/exception_handlers.o
 .debug_macro   0x00002fec      0x1ad ./system/src/cmsis/system_stm32f10x.o
 .debug_macro   0x00003199       0x73 ./system/src/cmsis/vectors_stm32f10x.o
 .debug_macro   0x0000320c      0x1af ./src/BlinkLed.o
 .debug_macro   0x000033bb       0x28 ./src/BlinkLed.o
 .debug_macro   0x000033e3      0x1c3 ./src/Timer.o
 .debug_macro   0x000035a6       0x10 ./src/Timer.o
 .debug_macro   0x000035b6      0x36b ./src/main.o
 .debug_macro   0x00003921       0x16 ./src/main.o
 .debug_macro   0x00003937       0x97 ./src/main.o
 .debug_macro   0x000039ce       0xfd ./src/main.o
 .debug_macro   0x00003acb       0x2e ./src/main.o
